wickham@shogren:/u/z/users/cs105/wickham$ mysql -h z -u wickham -p cs105_wickham
Enter password: 
Reading table information for completion of table and column names
You can turn off this feature to get a quicker startup with -A

Welcome to the MySQL monitor.  Commands end with ; or \g.
Your MySQL connection id is 2327523
Server version: 5.1.73-0ubuntu0.10.04.1 (Ubuntu)

Copyright (c) 2000, 2013, Oracle and/or its affiliates. All rights reserved.

Oracle is a registered trademark of Oracle Corporation and/or its
affiliates. Other names may be trademarks of their respective
owners.

Type 'help;' or '\h' for help. Type '\c' to clear the current input statement.

mysql> SELECT
    -> FORENAME,
    -> SURNAME
    -> FORM
    -> PERSON
    -> WHERE
    -> PERSON_ID = 1;
ERROR 1064 (42000): You have an error in your SQL syntax; check the manual that corresponds to your MySQL server version for the right syntax to use near 'PERSON
WHERE
PERSON_ID = 1' at line 5
mysql> SELECT
    -> FORENAME,
    -> SURNAME FROM PERSON WHERE PERSON_ID = 1;
+----------+---------+
| FORENAME | SURNAME |
+----------+---------+
| Arthur   | Dent    |
+----------+---------+
1 row in set (0.00 sec)

mysql> SELECT *
    -> FROM AUCTION;
+------------+--------+--------+---------------------+---------------------+---------------+-----------------------------------------------------------+---------------------------------------------------------------------------------------------------------------------------------------------------------+------------+
| AUCTION_ID | STATUS | SELLER | OPEN_TIME           | CLOSE_TIME          | ITEM_CATEGORY | ITEM_CAPTION                                              | ITEM_DESCRIPTION                                                                                                                                        | ITEM_PHOTO |
+------------+--------+--------+---------------------+---------------------+---------------+-----------------------------------------------------------+---------------------------------------------------------------------------------------------------------------------------------------------------------+------------+
|          1 |      1 |      1 | 2014-02-02 15:37:00 | 2014-02-05 23:00:00 |             5 | Towels                                                    | Slightly used towels, set of 42                                                                                                                         | NULL       |
|          2 |      1 |      1 | 2014-02-02 17:05:00 | 2014-02-05 23:00:00 |             3 | "My Favourite Bathtime Gurgles" by Grunthos the Flatulent | Grunthos' 12-book epic.  Not to be missed.  Was to be presented at Mid-Galactic Arts Nobbling Council, but the poet's death prevented its presentation. | NULL       |
|          3 |      1 |      2 | 2014-02-02 17:06:00 | 2014-02-05 23:00:00 |             9 | Toasting knife                                            | Bread knife that toasts the bread as you cut it.                                                                                                        | NULL       |
+------------+--------+--------+---------------------+---------------------+---------------+-----------------------------------------------------------+---------------------------------------------------------------------------------------------------------------------------------------------------------+------------+
3 rows in set (0.00 sec)

mysql> \C
ERROR: 
Usage: \C charset_name | charset charset_name
mysql> \c
mysql> SELECT ITEM_CAPTION FROM AUCTION;
+-----------------------------------------------------------+
| ITEM_CAPTION                                              |
+-----------------------------------------------------------+
| Towels                                                    |
| "My Favourite Bathtime Gurgles" by Grunthos the Flatulent |
| Toasting knife                                            |
+-----------------------------------------------------------+
3 rows in set (0.00 sec)

mysql> SELECT ITEM_CAPTION FROM AUCTION WHERE AUCTION_ID = 1;
+--------------+
| ITEM_CAPTION |
+--------------+
| Towels       |
+--------------+
1 row in set (0.00 sec)

mysql> SELECT ITEM_CAPTION, SELLER FROM AUCTION;
+-----------------------------------------------------------+--------+
| ITEM_CAPTION                                              | SELLER |
+-----------------------------------------------------------+--------+
| Towels                                                    |      1 |
| "My Favourite Bathtime Gurgles" by Grunthos the Flatulent |      1 |
| Toasting knife                                            |      2 |
+-----------------------------------------------------------+--------+
3 rows in set (0.00 sec)

mysql> SELECT ITEM_CAPTION, SELLER FROM AUCTION;
+-----------------------------------------------------------+--------+
| ITEM_CAPTION                                              | SELLER |
+-----------------------------------------------------------+--------+
| Towels                                                    |      1 |
| "My Favourite Bathtime Gurgles" by Grunthos the Flatulent |      1 |
| Toasting knife                                            |      2 |
+-----------------------------------------------------------+--------+
3 rows in set (0.00 sec)

mysql> SELECT ITEM_CAPTION, SELLER FROM AUCTION JOIN;
ERROR 1064 (42000): You have an error in your SQL syntax; check the manual that corresponds to your MySQL server version for the right syntax to use near '' at line 1
mysql> SELECT AUCTION.ITEM_CAPTION, PERSON.SURNAME FROM AUCTION JOIN PERSON ON AUCTION.SELLER = PERSON.PERSON_ID;
+-----------------------------------------------------------+----------+
| ITEM_CAPTION                                              | SURNAME  |
+-----------------------------------------------------------+----------+
| Towels                                                    | Dent     |
| "My Favourite Bathtime Gurgles" by Grunthos the Flatulent | Dent     |
| Toasting knife                                            | McMillan |
+-----------------------------------------------------------+----------+
3 rows in set (0.00 sec)

mysql> ^CCtrl-C -- exit!
Aborted
wickham@shogren:/u/z/users/cs105/wickham$ 

